[     251ms] [INFO] %cDownload the React DevTools for a better development experience: https://react.dev/link/react-devtools font-weight:bold @ http://localhost:5174/node_modules/.vite/deps/react-dom_client.js?v=eb52eb8c:20102
[    1239ms] [ERROR] SyntaxError: Unexpected token '<', "<?php
requ"... is not valid JSON @ http://localhost:5174/src/utils/blueprints.js:20
[    1251ms] [ERROR] SyntaxError: Unexpected token '<', "<?php
requ"... is not valid JSON @ :0
[    1252ms] [ERROR] SyntaxError: Unexpected token '<', "<?php
requ"... is not valid JSON @ :0
[    1262ms] [INFO] Banner not shown: beforeinstallpromptevent.preventDefault() called. The page must call beforeinstallpromptevent.prompt() to show the banner. @ http://localhost:5174/:0
[    1909ms] [WARNING] THREE.Clock: This module has been deprecated. Please use THREE.Timer instead. @ http://localhost:5174/node_modules/.vite/deps/chunk-2BUXAFR3.js?v=eb52eb8c:296
[    1916ms] [WARNING] THREE.WebGLShadowMap: PCFSoftShadowMap has been deprecated. Using PCFShadowMap instead. @ http://localhost:5174/node_modules/.vite/deps/chunk-2BUXAFR3.js?v=eb52eb8c:296
[    2063ms] [WARNING] THREE.Clock: This module has been deprecated. Please use THREE.Timer instead. @ http://localhost:5174/node_modules/.vite/deps/chunk-2BUXAFR3.js?v=eb52eb8c:296
[    2064ms] [WARNING] THREE.WebGLShadowMap: PCFSoftShadowMap has been deprecated. Using PCFShadowMap instead. @ http://localhost:5174/node_modules/.vite/deps/chunk-2BUXAFR3.js?v=eb52eb8c:296
[  206467ms] [ERROR] Failed to check settings SyntaxError: Unexpected token '<', "<?php
requ"... is not valid JSON @ http://localhost:5174/src/components/Auth.jsx:22
[  206467ms] [ERROR] Failed to check settings SyntaxError: Unexpected token '<', "<?php
requ"... is not valid JSON @ http://localhost:5174/src/components/Auth.jsx:22
[  206534ms] [VERBOSE] [DOM] Input elements should have autocomplete attributes (suggested: "current-password"): (More info: https://goo.gl/9p2vKq) %o @ http://localhost:5174/:0
[  211371ms] [LOG] Push Notifications enabled for Taskoria! @ http://localhost:5174/src/App.jsx:617
[  211372ms] [LOG] Push Notifications enabled for Taskoria! @ http://localhost:5174/src/App.jsx:617
[  278447ms] [ERROR] SyntaxError: Unexpected token '<', "<?php
requ"... is not valid JSON @ http://localhost:5174/src/components/Auth.jsx:51
